Godot Engine v4.3.stable.official.77dcf97d8 - https://godotengine.org

[服务器] 已在端口 49555 启动
[服务器] 已绑定: true
[控制] 按键说明: R=重置视角 | C=清除轨迹 | L=加载录制文件 | P=本地回放 | S=保存回放数据 | ESC=退出
[帧60] 等待数据...
[帧120] 等待数据...
[帧180] 等待数据...
[帧240] 等待数据...
[帧300] 等待数据...
[帧360] 等待数据...
[帧420] 等待数据...
[帧480] 等待数据...
[帧540] 等待数据...
[帧600] 等待数据...
[帧660] 等待数据...
[帧720] 等待数据...
[帧780] 等待数据...
[帧840] 等待数据...
[帧900] 等待数据...
[帧960] 等待数据...
[帧1020] 等待数据...
[帧1080] 等待数据...
[帧1140] 等待数据...
[帧1200] 等待数据...
[帧1260] 等待数据...
[帧1320] 等待数据...
[帧1380] 等待数据...
[帧1440] 等待数据...
[帧1500] 等待数据...
[帧1560] 等待数据...
[帧1620] 等待数据...
[帧1680] 等待数据...
[帧1740] 等待数据...
[帧1800] 等待数据...
[帧1860] 等待数据...
[帧1920] 等待数据...
[帧1980] 等待数据...
[帧2040] 等待数据...
[帧2100] 等待数据...
[帧2160] 等待数据...
[帧2220] 等待数据...
[帧2280] 等待数据...
[帧2340] 等待数据...
[帧2400] 等待数据...
[帧2460] 等待数据...
[帧2520] 等待数据...
[帧2580] 等待数据...
[帧2640] 等待数据...
[帧2700] 等待数据...
[帧2760] 等待数据...
[帧2820] 等待数据...
[帧2880] 等待数据...
[帧2940] 等待数据...
[帧3000] 等待数据...
[帧3060] 等待数据...
[帧3120] 等待数据...
[帧3180] 等待数据...
[帧3240] 等待数据...
[帧3300] 等待数据...
[帧3360] 等待数据...
[帧3420] 等待数据...
[帧3480] 等待数据...
[帧3540] 等待数据...
[帧3600] 等待数据...
[帧3660] 等待数据...
[帧3720] 等待数据...
[帧3780] 等待数据...
[帧3840] 等待数据...
[帧3900] 等待数据...
[帧3960] 等待数据...
[帧4020] 等待数据...
[帧4080] 等待数据...
[帧4140] 等待数据...
[帧4200] 等待数据...
[帧4260] 等待数据...
[帧4320] 等待数据...
[帧4380] 等待数据...
[帧4440] 等待数据...
[帧4500] 等待数据...
[帧4560] 等待数据...
[帧4620] 等待数据...
[帧4680] 等待数据...
[帧4740] 等待数据...
[帧4800] 等待数据...
[帧4860] 等待数据...
[帧4920] 等待数据...
[帧4980] 等待数据...
[帧5040] 等待数据...
[帧5100] 等待数据...
[帧5160] 等待数据...
[帧5220] 等待数据...
[帧5280] 等待数据...
[帧5340] 等待数据...
[帧5400] 等待数据...
[帧5460] 等待数据...
[帧5520] 等待数据...
[帧5580] 等待数据...
[帧5640] 等待数据...
[帧5700] 等待数据...
[帧5760] 等待数据...
[帧5820] 等待数据...
[帧5880] 等待数据...
[帧5940] 等待数据...
[帧6000] 等待数据...
[帧6060] 等待数据...
[帧6120] 等待数据...
[帧6180] 等待数据...
[帧6240] 等待数据...
[帧6300] 等待数据...
[帧6360] 等待数据...
[帧6420] 等待数据...
[帧6480] 等待数据...
[帧6540] 等待数据...
[帧6600] 等待数据...
[帧6660] 等待数据...
[帧6720] 等待数据...
[帧6780] 等待数据...
[帧6840] 等待数据...
[帧6900] 等待数据...
[帧6960] 等待数据...
[帧7020] 等待数据...
[帧7080] 等待数据...
[帧7140] 等待数据...
[帧7200] 等待数据...
[帧7260] 等待数据...
[帧7320] 等待数据...
[帧7380] 等待数据...
